ÐPPPPPPPPPPPPPPPPPPPPPPPPPPPPPPPPPPPPPPPPPPPPPPPPPPPPPPPPPPPPPPPPPPPPPPPPPPPPPPPPPPPÐPPPPPrifS9e5Pr\9<PPPPPPPPPPPPPPPPPPPPPPPPPPPPPPPPPPPPPPPPPPPPPPPPPPPPPPPPPPPPPÐPPPPP9PKPAPPPPPPPPPPPPPPPPPPPPPPPPPPPPPPPPPPPPPPPPPPPPPPPPPPPPPPPPPPPPPPPPPPPPPPPPPÐPPPPPi5SiePPPPPPPPPPPPPPPPPPPPPPPPPPPPPPPPPPPPPPPPPPPPPPPPPPPPPPPPPPPPPPPPPPPPPPPPÐPPPPP5etP\BBBBB<PPPPPPPPPPPPPPPPPPPPPPPPPPPPPPPPPPPPPPPPPPPPPPPPPPPPPPPPPPPPPPPÐPPPPPÐPPPPPPPPPPPPPPPPPPPPPPPPPPPPPPPPPPPPPPPPPSfiqw5PefSP5tPrP'ifwiq$PPPPPPPPPPPPPPPPPPPPPPPPPPPPPPPPPPPPPPPPPPPPPPPPPPPÐPPPPPÐPPPPPPPPPPPPPt53PPPf3SPPPPPPPPPPPPPPPt53PPPf3SPPPPPPPPPPPPPPPPPPPPPPPPPPPPPPPPPPPPPPPPPPPPPPPPPPPPPPPPPPPPPPPPPPPPPPPPPÐPPPPPPPPPPPPPPPBAP


BPPPPPPPPPPPPPBBPGGDBPPPPPPPPPPPPPPPPPPPPPPPPPPPPPPPPPPPPPPPPPPPPPPPPPPPPPPPPPPPPPPPPPPPPPPPP«PPPPPPxSiPPPPPPPPPPPPPPPPPPPPPPPPPPÐPPPPPPxSiPPPPPPPPPPPPPPPPPPPPPPPPPPÐPPPPPPxSiPPPPPPPPPPPPPPPPPPPPPPPPPPÐPPPPPPr3tPArPPPPPPPPPPPPPPPPPPPPPÐPPPPPPtP+APPPPPPPPPPPPPPPPPPPPPPÐPPPPPPtP+0ABPPPPPPPPPPPPPPPPPPPPÐPPPPPPtP+0BDPPPPPPPPPPPPPPPPPPPPÐPPPPPP3cqPADPPPPPPPPPPPPPPPPPPPPPPÐPPPPPPSqPBq0APPPPPPPPPPPPPPPPPPPPPÂqPPPPP3cqPB<PPPPPPPPPPPPPPPPPPPPPPPÐPPPPPPSfP9PPPPPPPPPPPPPPPPPPPPPPPPƒqPPPPPctP+APPPPPPPPPPPPPPPPPPPPPPÐPPPPPPctP+0ABPPPPPPPPPPPPPPPPPPPPÐPPPPPPctP+0BDPPPPPPPPPPPPPPPPPPPPÐPPPPPPSiqPBDPPPPPPPPPPPPPPPPPPPPPPÂ<PPPPPf3SP0




A





PPPPPPPPPPPP†<PPPPPf3SP0B








PPPPPPPPPPPPÐPPPPPPf3SP0






GGGGGPPPPPPPPPPPPÐPPPPPPf3SP0











PPPPPPPPPPPPÐPPPPPPf3SP0




A





PPPPPPPPPPPPÐPPPPPPf3SP0











PPPPPPPPPPPP