ÐPPPPPrifS9e5Pcqcq\9P!<PPPPPPPPPPPPPPPPPPPPPPPPPPPPPPPPPPPPPPPPPPPPPPPPPPPPPPPPPÐPPPPP!PKP9PlP9PPPPPPPPPPPPPPPPPPPPPPPPPPPPPPPPPPPPPPPPPPPPPPPPPPPPPPPPPPPPPPPPPPPPPÐPPPPPi5SiePPPPPPPPPPPPPPPPPPPPPPPPPPPPPPPPPPPPPPPPPPPPPPPPPPPPPPPPPPPPPPPPPPPPPPPPÐPPPPP5etP\BBBBB<PPPPPPPPPPPPPPPPPPPPPPPPPPPPPPPPPPPPPPPPPPPPPPPPPPPPPPPPPPPPPPPÐPPPPPPPPPPPPPPPPPPPPPPPPPPPPPPPPPPPPPPPPPSfiqw5PefSP5tPrP'ifwiq$PPPPPPPPPPPPPPPPPPPPPPPPPPPPPPPPPPPPPPPPPPPPPPPPPPPÐPPPPPÐPPPPPPPPPPPPPt53PPPf3SPPPPPPPPPPPPPPPt53PPPf3SPPPPPPPPPPPPPPPPPPPPPPPPPPPPPPPPPPPPPPPPPPPPPPPPPPPPPPPPPPPPPPPPPPPPPPPPPÐPPPPPPPPPPPPPPPBP


APPPPPPPPPPPPPBBPGGDBPPPPPPPPPPPPPPPPPPPPPPPPPPPPPPPPPPPPPPPPPPPPPPPPPPPPPPPPPPPPPPPPPPPPPPPP«PPPPPPxSiPPPPPPPPPPPPPPPPPPPPPPPPPPÐPPPPPPxSiPPPPPPPPPPPPPPPPPPPPPPPPPPÐPPPPPPxSiPPPPPPPPPPPPPPPPPPPPPPPPPPÐPPPPPPr3tPAcqcqPPPPPPPPPPPPPPPPPPPPÐPPPPPPtP+APPPPPPPPPPPPPPPPPPPPPPÐPPPPPPtP+0ABPPPPPPPPPPPPPPPPPPPPÐPPPPPPtP+0BDPPPPPPPPPPPPPPPPPPPPÐPPPPPP3cqPADPPPPPPPPPPPPPPPPPPPPPPÐPPPPPPSqPBqPPPPPPPPPPPPPPPPPPPPPPPÐPPPPPPSqPBq0APPPPPPPPPPPPPPPPPPPPPÐPPPPPP3cqPBDPPPPPPPPPPPPPPPPPPPPPPÐPPPPPPSqPBq0PPPPPPPPPPPPPPPPPPPPPÂqPPPPPct(P9PPPPPPPPPPPPPPPPPPPPPPPPÐPPPPPP$'P9PPPPPPPPPPPPPPPPPPPPPPPPÐPPPPPPqcPAGPPPPPPPPPPPPPPPPPPPPPPPÐPPPPPPSfP!PPPPPPPPPPPPPPPPPPPPPPPPƒqPPPPPctP+APPPPPPPPPPPPPPPPPPPPPPÐPPPPPPctP+0ABPPPPPPPPPPPPPPPPPPPPÐPPPPPPctP+0BDPPPPPPPPPPPPPPPPPPPPÐPPPPPPSiqPDPPPPPPPPPPPPPPPPPPPPPP†<PPPPPf3SP0B








PPPPPPPPPPPPÐPPPPPPf3SP0






GGGGGPPPPPPPPPPPPÐPPPPPPf3SP0











PPPPPPPPPPPPÐPPPPPPf3SP0




A





PPPPPPPPPPPPÐPPPPPPf3SP0











PPPPPPPPPPPP